// Jest Snapshot v1, https://goo.gl/fbAQLP

exports[`AddProperty renders correctly 1`] = `
<DocumentFragment>
  <div
    class="add-property"
  >
    <h1
      class="add-property__title"
    >
      Add your property details here
    </h1>
    <form
      class="add-property__form"
      data-testid="add-property-form"
    >
      <label
        for="title"
      >
        Title
        <input
          id="title"
          name="title"
          type=""
          value=""
        />
      </label>
      <label
        for="type"
      >
        Type
        <select
          id="type"
          name="type"
        >
          <option
            value="Flat"
          >
            Flat
          </option>
          <option
            value="Detached"
          >
            Detached
          </option>
          <option
            value="Semi-Detached"
          >
            Semi-Detached
          </option>
          <option
            value="Terraced"
          >
            Terraced
          </option>
          <option
            value="End of Terrace"
          >
            End of Terrace
          </option>
          <option
            value="Cottage"
          >
            Cottage
          </option>
          <option
            value="Bungalow"
          >
            Bungalow
          </option>
        </select>
      </label>
      <label
        for="bedrooms"
      >
        Bedrooms
        <select
          id="bedrooms"
          name="bedrooms"
          type="number"
        >
          <option
            value="1"
          >
            1
          </option>
          <option
            value="2"
          >
            2
          </option>
          <option
            value="3"
          >
            3
          </option>
          <option
            value="4"
          >
            4
          </option>
          <option
            value="5+"
          >
            5+
          </option>
        </select>
      </label>
      <label
        for="bathrooms"
      >
        Bathrooms
        <select
          id="bathrooms"
          name="bathrooms"
          type="number"
        >
          <option
            value="1"
          >
            1
          </option>
          <option
            value="2"
          >
            2
          </option>
          <option
            value="3"
          >
            3
          </option>
          <option
            value="4+"
          >
            4=
          </option>
        </select>
      </label>
      <label
        for="price"
      >
        Price
        <input
          id="price"
          name="price"
          placeholder="Please enter a price"
          value="0"
        />
      </label>
      <label
        for="city"
      >
        City
        <select
          id="city"
          name="city"
        >
          <option
            value="Manchester"
          >
            Manchester
          </option>
          <option
            value="Leeds"
          >
            Leeds
          </option>
          <option
            value="Sheffield"
          >
            Sheffield
          </option>
          <option
            value="Liverpool"
          >
            Liverpool
          </option>
        </select>
      </label>
      <label
        for="email"
      >
        Email
        <input
          id="email"
          name="email"
          type="email"
          value=""
        />
      </label>
      <div
        class="add-property__submit"
      >
        <button
          class="add-property__submit-btn"
          type="submit"
        >
          Add
        </button>
        <div
          class="Alert--error"
          data-testid="alert"
        />
      </div>
    </form>
  </div>
</DocumentFragment>
`;
